// Jest Snapshot v1, https://goo.gl/fbAQLP

exports[`<Button /> should render the medium size by default 1`] = `
.c0 {
  display: -webkit-inline-box;
  display: -webkit-inline-flex;
  display: -ms-inline-flexbox;
  display: inline-flex;
  -webkit-align-items: center;
  -webkit-box-align: center;
  -ms-flex-align: center;
  align-items: center;
  -webkit-box-pack: center;
  -webkit-justify-content: center;
  -ms-flex-pack: center;
  justify-content: center;
  background: #00A31B;
  color: #FFFFFF;
  font-family: Raleway,Roboto,Oxygen,Ubuntu,Cantarell,'Open Sans','Helvetica Neue',sans-serif;
  border: 0;
  cursor: pointer;
  border-radius: 0.4rem;
  padding: 0.8rem;
  -webkit-text-decoration: none;
  text-decoration: none;
  font-weight: 700;
  box-shadow: rgb(0 0 0 / 20%) 0px 3px 1px -2px, rgb(0 0 0 / 14%) 0px 2px 2px 0px,rgb(0 0 0 / 12%) 0px 1px 5px 0px;
  height: 4rem;
  font-size: 1.4rem;
  padding: 0.8rem 3.2rem;
}

.c0:hover {
  opacity: 0.8;
}

<button
  class="c0"
>
  <span>
    Buy now
  </span>
</button>
`
